Using device: mps
==================================================
Training: service-a
==================================================
   Train size: 21501 | Val size: 5294
  Epoch 01/40 | train=0.018727 | val=0.000072 | saved
  Epoch 02/40 | train=0.000053 | val=0.000043 | saved
  Epoch 03/40 | train=0.000041 | val=0.000039 | saved
  Epoch 04/40 | train=0.000038 | val=0.000036 | saved
  Epoch 05/40 | train=0.000037 | val=0.000036 | saved
  Epoch 06/40 | train=0.000036 | val=0.000035 | saved
  Epoch 07/40 | train=0.000035 | val=0.000033 | saved
  Epoch 08/40 | train=0.000034 | val=0.000033 | saved
  Epoch 09/40 | train=0.000033 | val=0.000032 | saved
  Epoch 10/40 | train=0.000031 | val=0.000029 | saved
  Epoch 11/40 | train=0.000029 | val=0.000029 | saved
  Epoch 12/40 | train=0.000027 | val=0.000026 | saved
  Epoch 13/40 | train=0.000025 | val=0.000022 | saved
  Epoch 14/40 | train=0.000020 | val=0.000016 | saved
  Epoch 15/40 | train=0.000012 | val=0.000009 | saved
  Epoch 16/40 | train=0.000008 | val=0.000008 | saved
  Epoch 17/40 | train=0.000008 | val=0.000007 | saved
  Epoch 18/40 | train=0.000007 | val=0.000007 | saved
  Epoch 19/40 | train=0.000007 | val=0.000007 | saved
  Epoch 20/40 | train=0.000007 | val=0.000006 | saved
  Epoch 21/40 | train=0.000007 | val=0.000006 | saved
  Epoch 22/40 | train=0.000006 | val=0.000006 | saved
  Epoch 23/40 | train=0.000006 | val=0.000006 | saved
  Epoch 24/40 | train=0.000006 | val=0.000005 | saved
  Epoch 25/40 | train=0.000005 | val=0.000005 | saved
  Epoch 26/40 | train=0.000005 | val=0.000004 | saved
  Epoch 27/40 | train=0.000004 | val=0.000004 | saved
  Epoch 28/40 | train=0.000003 | val=0.000002 | saved
  Epoch 29/40 | train=0.000002 | val=0.000001 | saved
  Epoch 30/40 | train=0.000001 | val=0.000000 | saved
  Epoch 31/40 | train=0.000000 | val=0.000000 | saved
  Epoch 32/40 | train=0.000000 | val=0.000000 | saved
  Epoch 33/40 | train=0.000000 | val=0.000000 | saved
  Epoch 34/40 | train=0.000000 | val=0.000000 | saved
  Epoch 35/40 | train=0.000000 | val=0.000000 | saved
  Epoch 36/40 | train=0.000000 | val=0.000000 | saved
  Epoch 37/40 | train=0.000000 | val=0.000000 | saved
  Epoch 38/40 | train=0.000000 | val=0.000000 | saved
  Epoch 39/40 | train=0.000000 | val=0.000000 | saved
  Epoch 40/40 | train=0.000000 | val=0.000000 | saved

Calculating anomaly threhold...
    Threshold (99th percentile): 0.000001
Min loss: 0.000000
Max loss: 0.000011
Mean loss: 0.000000
    service-a done | threshold=0.000001

==================================================
Training: service-b
==================================================
   Train size: 32243 | Val size: 8057
  Epoch 01/40 | train=0.010147 | val=0.000747 | saved
  Epoch 02/40 | train=0.000584 | val=0.000339 | saved
  Epoch 03/40 | train=0.000116 | val=0.000046 | saved
  Epoch 04/40 | train=0.000038 | val=0.000033 | saved
  Epoch 05/40 | train=0.000031 | val=0.000030 | saved
  Epoch 06/40 | train=0.000029 | val=0.000029 | saved
  Epoch 07/40 | train=0.000029 | val=0.000029 | saved
  Epoch 08/40 | train=0.000028 | val=0.000027 | saved
  Epoch 09/40 | train=0.000028 | val=0.000028 | saved
  Epoch 10/40 | train=0.000028 | val=0.000027 | saved
  Epoch 11/40 | train=0.000027 | val=0.000027 | saved
  Epoch 12/40 | train=0.000027 | val=0.000027 | saved
  Epoch 13/40 | train=0.000027 | val=0.000030 | saved
  Epoch 14/40 | train=0.000027 | val=0.000027 | saved
  Epoch 15/40 | train=0.000027 | val=0.000027 | saved
  Epoch 16/40 | train=0.000027 | val=0.000027 | saved
  Epoch 17/40 | train=0.000027 | val=0.000027 | saved
  Epoch 18/40 | train=0.000027 | val=0.000027 | saved
  Epoch 19/40 | train=0.000027 | val=0.000027 | saved
  Epoch 20/40 | train=0.000027 | val=0.000027 | saved
  Epoch 21/40 | train=0.000027 | val=0.000027 | saved
  Epoch 22/40 | train=0.000027 | val=0.000026 | saved
  Epoch 23/40 | train=0.000027 | val=0.000027 | saved
  Epoch 24/40 | train=0.000027 | val=0.000027 | saved
  Epoch 25/40 | train=0.000027 | val=0.000026 | saved
  Epoch 26/40 | train=0.000027 | val=0.000027 | saved
  Epoch 27/40 | train=0.000027 | val=0.000026 | saved
  Epoch 28/40 | train=0.000026 | val=0.000027 | saved
  Epoch 29/40 | train=0.000027 | val=0.000026 | saved
  Epoch 30/40 | train=0.000027 | val=0.000028 | saved
  Epoch 31/40 | train=0.000027 | val=0.000027 | saved
  Epoch 32/40 | train=0.000026 | val=0.000026 | saved
  Epoch 33/40 | train=0.000026 | val=0.000027 | saved
  Epoch 34/40 | train=0.000026 | val=0.000027 | saved
  Epoch 35/40 | train=0.000026 | val=0.000026 | saved
  Epoch 36/40 | train=0.000026 | val=0.000027 | saved
  Epoch 37/40 | train=0.000026 | val=0.000026 | saved
  Epoch 38/40 | train=0.000026 | val=0.000026 | saved
  Epoch 39/40 | train=0.000026 | val=0.000027 | saved
  Epoch 40/40 | train=0.000026 | val=0.000026 | saved

Calculating anomaly threhold...
    Threshold (99th percentile): 0.000085
Min loss: 0.000000
Max loss: 0.002328
Mean loss: 0.000026
    service-b done | threshold=0.000085

==================================================
Training: service-c
==================================================
   Train size: 33103 | Val size: 8288
  Epoch 01/40 | train=0.012338 | val=0.000331 | saved
  Epoch 02/40 | train=0.000251 | val=0.000186 | saved
  Epoch 03/40 | train=0.000121 | val=0.000087 | saved
  Epoch 04/40 | train=0.000059 | val=0.000045 | saved
  Epoch 05/40 | train=0.000040 | val=0.000038 | saved
  Epoch 06/40 | train=0.000035 | val=0.000035 | saved
  Epoch 07/40 | train=0.000032 | val=0.000032 | saved
  Epoch 08/40 | train=0.000028 | val=0.000027 | saved
  Epoch 09/40 | train=0.000021 | val=0.000016 | saved
  Epoch 10/40 | train=0.000012 | val=0.000009 | saved
  Epoch 11/40 | train=0.000008 | val=0.000007 | saved
  Epoch 12/40 | train=0.000007 | val=0.000006 | saved
  Epoch 13/40 | train=0.000006 | val=0.000006 | saved
  Epoch 14/40 | train=0.000005 | val=0.000004 | saved
  Epoch 15/40 | train=0.000004 | val=0.000002 | saved
  Epoch 16/40 | train=0.000003 | val=0.000002 | saved
  Epoch 17/40 | train=0.000002 | val=0.000002 | saved
  Epoch 18/40 | train=0.000002 | val=0.000003 | saved
  Epoch 19/40 | train=0.000002 | val=0.000002 | saved
  Epoch 20/40 | train=0.000002 | val=0.000002 | saved
  Epoch 21/40 | train=0.000002 | val=0.000001 | saved
  Epoch 22/40 | train=0.000002 | val=0.000001 | saved
  Epoch 23/40 | train=0.000002 | val=0.000001 | saved
  Epoch 24/40 | train=0.000002 | val=0.000002 | saved
  Epoch 25/40 | train=0.000001 | val=0.000002 | saved
  Epoch 26/40 | train=0.000001 | val=0.000001 | saved
  Epoch 27/40 | train=0.000001 | val=0.000001 | saved
  Epoch 28/40 | train=0.000001 | val=0.000001 | saved
  Epoch 29/40 | train=0.000001 | val=0.000001 | saved
  Epoch 30/40 | train=0.000001 | val=0.000001 | saved
  Epoch 31/40 | train=0.000001 | val=0.000001 | saved
  Epoch 32/40 | train=0.000001 | val=0.000001 | saved
  Epoch 33/40 | train=0.000001 | val=0.000001 | saved
  Epoch 34/40 | train=0.000001 | val=0.000001 | saved
  Epoch 35/40 | train=0.000001 | val=0.000001 | saved
  Epoch 36/40 | train=0.000001 | val=0.000001 | saved
  Epoch 37/40 | train=0.000001 | val=0.000001 | saved
  Epoch 38/40 | train=0.000001 | val=0.000001 | saved
  Epoch 39/40 | train=0.000001 | val=0.000001 | saved
  Epoch 40/40 | train=0.000001 | val=0.000001 | saved

Calculating anomaly threhold...
    Threshold (99th percentile): 0.000007
Min loss: 0.000000
Max loss: 0.000151
Mean loss: 0.000001
    service-c done | threshold=0.000007

